../Core/Inc/Z2_Lib.h:66:6:Z2_InitCommand	20	static
../Core/Inc/Z2_Lib.h:118:11:Z2_ExtractStringArgData	16	static
../Core/Inc/Z2_Lib.h:123:9:Z2_ExecuteCommand	120	dynamic
../Core/Inc/Z2_Lib.h:248:7:Z2_GetArg	24	static
../Core/Inc/Z2_Lib.h:264:5:Z2_GetArg_Int	16	static
../Core/Inc/Z2_Lib.h:270:7:Z2_GetArg_Float	16	static
../Core/Inc/Z2_Lib.h:276:13:Z2_GetArg_String	16	static
../Core/Inc/Z2_Lib.h:281:13:Z2_ArgTypeToString	16	static
../Core/Src/main.c:54:6:HAL_UARTEx_RxEventCallback	24	static
../Core/Src/main.c:73:6:BlinkStop	4	static
../Core/Src/main.c:78:6:BlinkStringInt	8	static
../Core/Src/main.c:83:6:Blink2	16	static
../Core/Src/main.c:93:6:Help	24	static
../Core/Src/main.c:133:5:main	184	dynamic
../Core/Src/main.c:189:6:SystemClock_Config	88	static
../Core/Src/main.c:236:13:MX_USART2_UART_Init	8	static
../Core/Src/main.c:282:13:MX_DMA_Init	16	static
../Core/Src/main.c:301:13:MX_GPIO_Init	40	static
../Core/Src/main.c:335:6:Error_Handler	4	static,ignoring_inline_asm
